// Jest Snapshot v1, https://goo.gl/fbAQLP

exports[`<CalculatorScreen/> renders correctyly 1`] = `
<View
  style={
    Object {
      "flex": 1,
      "justifyContent": "flex-end",
      "paddingHorizontal": 20,
    }
  }
>
  <Text
    adjustsFontSizeToFit={true}
    numberOfLines={1}
    style={
      Object {
        "color": "white",
        "fontSize": 60,
        "marginBottom": 10,
        "textAlign": "right",
      }
    }
    testID="result"
  >
    0
  </Text>
  <View
    style={
      Object {
        "flexDirection": "row",
        "justifyContent": "center",
        "marginBottom": 15,
        "paddingHorizontal": 10,
      }
    }
  >
    <View
      accessible={true}
      focusable={true}
      onClick={[Function]}
      onResponderGrant={[Function]}
      onResponderMove={[Function]}
      onResponderRelease={[Function]}
      onResponderTerminate={[Function]}
      onResponderTerminationRequest={[Function]}
      onStartShouldSetResponder={[Function]}
      style={
        Object {
          "opacity": 1,
        }
      }
      testID="btnCalc"
    >
      <View
        style={
          Object {
            "backgroundColor": "#9B9B9B",
            "borderRadius": 100,
            "height": 70,
            "justifyContent": "center",
            "marginHorizontal": 10,
            "width": 70,
          }
        }
      >
        <Text
          style={
            Object {
              "color": "black",
              "fontSize": 25,
              "fontWeight": "500",
              "textAlign": "center",
            }
          }
        >
           
          C
           
        </Text>
      </View>
    </View>
    <View
      accessible={true}
      focusable={true}
      onClick={[Function]}
      onResponderGrant={[Function]}
      onResponderMove={[Function]}
      onResponderRelease={[Function]}
      onResponderTerminate={[Function]}
      onResponderTerminationRequest={[Function]}
      onStartShouldSetResponder={[Function]}
      style={
        Object {
          "opacity": 1,
        }
      }
      testID="btnCalc"
    >
      <View
        style={
          Object {
            "backgroundColor": "#9B9B9B",
            "borderRadius": 100,
            "height": 70,
            "justifyContent": "center",
            "marginHorizontal": 10,
            "width": 70,
          }
        }
      >
        <Text
          style={
            Object {
              "color": "black",
              "fontSize": 25,
              "fontWeight": "500",
              "textAlign": "center",
            }
          }
        >
           
          +/-
           
        </Text>
      </View>
    </View>
    <View
      accessible={true}
      focusable={true}
      onClick={[Function]}
      onResponderGrant={[Function]}
      onResponderMove={[Function]}
      onResponderRelease={[Function]}
      onResponderTerminate={[Function]}
      onResponderTerminationRequest={[Function]}
      onStartShouldSetResponder={[Function]}
      style={
        Object {
          "opacity": 1,
        }
      }
      testID="btnCalc"
    >
      <View
        style={
          Object {
            "backgroundColor": "#9B9B9B",
            "borderRadius": 100,
            "height": 70,
            "justifyContent": "center",
            "marginHorizontal": 10,
            "width": 70,
          }
        }
      >
        <Text
          style={
            Object {
              "color": "black",
              "fontSize": 25,
              "fontWeight": "500",
              "textAlign": "center",
            }
          }
        >
           
          del
           
        </Text>
      </View>
    </View>
    <View
      accessible={true}
      focusable={true}
      onClick={[Function]}
      onResponderGrant={[Function]}
      onResponderMove={[Function]}
      onResponderRelease={[Function]}
      onResponderTerminate={[Function]}
      onResponderTerminationRequest={[Function]}
      onStartShouldSetResponder={[Function]}
      style={
        Object {
          "opacity": 1,
        }
      }
      testID="btnCalc"
    >
      <View
        style={
          Object {
            "backgroundColor": "#FF9427",
            "borderRadius": 100,
            "height": 70,
            "justifyContent": "center",
            "marginHorizontal": 10,
            "width": 70,
          }
        }
      >
        <Text
          style={
            Object {
              "color": "white",
              "fontSize": 25,
              "fontWeight": "500",
              "textAlign": "center",
            }
          }
        >
           
          /
           
        </Text>
      </View>
    </View>
  </View>
  <View
    style={
      Object {
        "flexDirection": "row",
        "justifyContent": "center",
        "marginBottom": 15,
        "paddingHorizontal": 10,
      }
    }
  >
    <View
      accessible={true}
      focusable={true}
      onClick={[Function]}
      onResponderGrant={[Function]}
      onResponderMove={[Function]}
      onResponderRelease={[Function]}
      onResponderTerminate={[Function]}
      onResponderTerminationRequest={[Function]}
      onStartShouldSetResponder={[Function]}
      style={
        Object {
          "opacity": 1,
        }
      }
      testID="btnCalc"
    >
      <View
        style={
          Object {
            "backgroundColor": "#2D2D2D",
            "borderRadius": 100,
            "height": 70,
            "justifyContent": "center",
            "marginHorizontal": 10,
            "width": 70,
          }
        }
      >
        <Text
          style={
            Object {
              "color": "white",
              "fontSize": 25,
              "fontWeight": "500",
              "textAlign": "center",
            }
          }
        >
           
          7
           
        </Text>
      </View>
    </View>
    <View
      accessible={true}
      focusable={true}
      onClick={[Function]}
      onResponderGrant={[Function]}
      onResponderMove={[Function]}
      onResponderRelease={[Function]}
      onResponderTerminate={[Function]}
      onResponderTerminationRequest={[Function]}
      onStartShouldSetResponder={[Function]}
      style={
        Object {
          "opacity": 1,
        }
      }
      testID="btnCalc"
    >
      <View
        style={
          Object {
            "backgroundColor": "#2D2D2D",
            "borderRadius": 100,
            "height": 70,
            "justifyContent": "center",
            "marginHorizontal": 10,
            "width": 70,
          }
        }
      >
        <Text
          style={
            Object {
              "color": "white",
              "fontSize": 25,
              "fontWeight": "500",
              "textAlign": "center",
            }
          }
        >
           
          8
           
        </Text>
      </View>
    </View>
    <View
      accessible={true}
      focusable={true}
      onClick={[Function]}
      onResponderGrant={[Function]}
      onResponderMove={[Function]}
      onResponderRelease={[Function]}
      onResponderTerminate={[Function]}
      onResponderTerminationRequest={[Function]}
      onStartShouldSetResponder={[Function]}
      style={
        Object {
          "opacity": 1,
        }
      }
      testID="btnCalc"
    >
      <View
        style={
          Object {
            "backgroundColor": "#2D2D2D",
            "borderRadius": 100,
            "height": 70,
            "justifyContent": "center",
            "marginHorizontal": 10,
            "width": 70,
          }
        }
      >
        <Text
          style={
            Object {
              "color": "white",
              "fontSize": 25,
              "fontWeight": "500",
              "textAlign": "center",
            }
          }
        >
           
          9
           
        </Text>
      </View>
    </View>
    <View
      accessible={true}
      focusable={true}
      onClick={[Function]}
      onResponderGrant={[Function]}
      onResponderMove={[Function]}
      onResponderRelease={[Function]}
      onResponderTerminate={[Function]}
      onResponderTerminationRequest={[Function]}
      onStartShouldSetResponder={[Function]}
      style={
        Object {
          "opacity": 1,
        }
      }
      testID="btnCalc"
    >
      <View
        style={
          Object {
            "backgroundColor": "#FF9427",
            "borderRadius": 100,
            "height": 70,
            "justifyContent": "center",
            "marginHorizontal": 10,
            "width": 70,
          }
        }
      >
        <Text
          style={
            Object {
              "color": "white",
              "fontSize": 25,
              "fontWeight": "500",
              "textAlign": "center",
            }
          }
        >
           
          X
           
        </Text>
      </View>
    </View>
  </View>
  <View
    style={
      Object {
        "flexDirection": "row",
        "justifyContent": "center",
        "marginBottom": 15,
        "paddingHorizontal": 10,
      }
    }
  >
    <View
      accessible={true}
      focusable={true}
      onClick={[Function]}
      onResponderGrant={[Function]}
      onResponderMove={[Function]}
      onResponderRelease={[Function]}
      onResponderTerminate={[Function]}
      onResponderTerminationRequest={[Function]}
      onStartShouldSetResponder={[Function]}
      style={
        Object {
          "opacity": 1,
        }
      }
      testID="btnCalc"
    >
      <View
        style={
          Object {
            "backgroundColor": "#2D2D2D",
            "borderRadius": 100,
            "height": 70,
            "justifyContent": "center",
            "marginHorizontal": 10,
            "width": 70,
          }
        }
      >
        <Text
          style={
            Object {
              "color": "white",
              "fontSize": 25,
              "fontWeight": "500",
              "textAlign": "center",
            }
          }
        >
           
          4
           
        </Text>
      </View>
    </View>
    <View
      accessible={true}
      focusable={true}
      onClick={[Function]}
      onResponderGrant={[Function]}
      onResponderMove={[Function]}
      onResponderRelease={[Function]}
      onResponderTerminate={[Function]}
      onResponderTerminationRequest={[Function]}
      onStartShouldSetResponder={[Function]}
      style={
        Object {
          "opacity": 1,
        }
      }
      testID="btnCalc"
    >
      <View
        style={
          Object {
            "backgroundColor": "#2D2D2D",
            "borderRadius": 100,
            "height": 70,
            "justifyContent": "center",
            "marginHorizontal": 10,
            "width": 70,
          }
        }
      >
        <Text
          style={
            Object {
              "color": "white",
              "fontSize": 25,
              "fontWeight": "500",
              "textAlign": "center",
            }
          }
        >
           
          5
           
        </Text>
      </View>
    </View>
    <View
      accessible={true}
      focusable={true}
      onClick={[Function]}
      onResponderGrant={[Function]}
      onResponderMove={[Function]}
      onResponderRelease={[Function]}
      onResponderTerminate={[Function]}
      onResponderTerminationRequest={[Function]}
      onStartShouldSetResponder={[Function]}
      style={
        Object {
          "opacity": 1,
        }
      }
      testID="btnCalc"
    >
      <View
        style={
          Object {
            "backgroundColor": "#2D2D2D",
            "borderRadius": 100,
            "height": 70,
            "justifyContent": "center",
            "marginHorizontal": 10,
            "width": 70,
          }
        }
      >
        <Text
          style={
            Object {
              "color": "white",
              "fontSize": 25,
              "fontWeight": "500",
              "textAlign": "center",
            }
          }
        >
           
          6
           
        </Text>
      </View>
    </View>
    <View
      accessible={true}
      focusable={true}
      onClick={[Function]}
      onResponderGrant={[Function]}
      onResponderMove={[Function]}
      onResponderRelease={[Function]}
      onResponderTerminate={[Function]}
      onResponderTerminationRequest={[Function]}
      onStartShouldSetResponder={[Function]}
      style={
        Object {
          "opacity": 1,
        }
      }
      testID="btnCalc"
    >
      <View
        style={
          Object {
            "backgroundColor": "#FF9427",
            "borderRadius": 100,
            "height": 70,
            "justifyContent": "center",
            "marginHorizontal": 10,
            "width": 70,
          }
        }
      >
        <Text
          style={
            Object {
              "color": "white",
              "fontSize": 25,
              "fontWeight": "500",
              "textAlign": "center",
            }
          }
        >
           
          -
           
        </Text>
      </View>
    </View>
  </View>
  <View
    style={
      Object {
        "flexDirection": "row",
        "justifyContent": "center",
        "marginBottom": 15,
        "paddingHorizontal": 10,
      }
    }
  >
    <View
      accessible={true}
      focusable={true}
      onClick={[Function]}
      onResponderGrant={[Function]}
      onResponderMove={[Function]}
      onResponderRelease={[Function]}
      onResponderTerminate={[Function]}
      onResponderTerminationRequest={[Function]}
      onStartShouldSetResponder={[Function]}
      style={
        Object {
          "opacity": 1,
        }
      }
      testID="btnCalc"
    >
      <View
        style={
          Object {
            "backgroundColor": "#2D2D2D",
            "borderRadius": 100,
            "height": 70,
            "justifyContent": "center",
            "marginHorizontal": 10,
            "width": 70,
          }
        }
      >
        <Text
          style={
            Object {
              "color": "white",
              "fontSize": 25,
              "fontWeight": "500",
              "textAlign": "center",
            }
          }
        >
           
          1
           
        </Text>
      </View>
    </View>
    <View
      accessible={true}
      focusable={true}
      onClick={[Function]}
      onResponderGrant={[Function]}
      onResponderMove={[Function]}
      onResponderRelease={[Function]}
      onResponderTerminate={[Function]}
      onResponderTerminationRequest={[Function]}
      onStartShouldSetResponder={[Function]}
      style={
        Object {
          "opacity": 1,
        }
      }
      testID="btnCalc"
    >
      <View
        style={
          Object {
            "backgroundColor": "#2D2D2D",
            "borderRadius": 100,
            "height": 70,
            "justifyContent": "center",
            "marginHorizontal": 10,
            "width": 70,
          }
        }
      >
        <Text
          style={
            Object {
              "color": "white",
              "fontSize": 25,
              "fontWeight": "500",
              "textAlign": "center",
            }
          }
        >
           
          2
           
        </Text>
      </View>
    </View>
    <View
      accessible={true}
      focusable={true}
      onClick={[Function]}
      onResponderGrant={[Function]}
      onResponderMove={[Function]}
      onResponderRelease={[Function]}
      onResponderTerminate={[Function]}
      onResponderTerminationRequest={[Function]}
      onStartShouldSetResponder={[Function]}
      style={
        Object {
          "opacity": 1,
        }
      }
      testID="btnCalc"
    >
      <View
        style={
          Object {
            "backgroundColor": "#2D2D2D",
            "borderRadius": 100,
            "height": 70,
            "justifyContent": "center",
            "marginHorizontal": 10,
            "width": 70,
          }
        }
      >
        <Text
          style={
            Object {
              "color": "white",
              "fontSize": 25,
              "fontWeight": "500",
              "textAlign": "center",
            }
          }
        >
           
          3
           
        </Text>
      </View>
    </View>
    <View
      accessible={true}
      focusable={true}
      onClick={[Function]}
      onResponderGrant={[Function]}
      onResponderMove={[Function]}
      onResponderRelease={[Function]}
      onResponderTerminate={[Function]}
      onResponderTerminationRequest={[Function]}
      onStartShouldSetResponder={[Function]}
      style={
        Object {
          "opacity": 1,
        }
      }
      testID="btnCalc"
    >
      <View
        style={
          Object {
            "backgroundColor": "#FF9427",
            "borderRadius": 100,
            "height": 70,
            "justifyContent": "center",
            "marginHorizontal": 10,
            "width": 70,
          }
        }
      >
        <Text
          style={
            Object {
              "color": "white",
              "fontSize": 25,
              "fontWeight": "500",
              "textAlign": "center",
            }
          }
        >
           
          +
           
        </Text>
      </View>
    </View>
  </View>
  <View
    style={
      Object {
        "flexDirection": "row",
        "justifyContent": "center",
        "marginBottom": 15,
        "paddingHorizontal": 10,
      }
    }
  >
    <View
      accessible={true}
      focusable={true}
      onClick={[Function]}
      onResponderGrant={[Function]}
      onResponderMove={[Function]}
      onResponderRelease={[Function]}
      onResponderTerminate={[Function]}
      onResponderTerminationRequest={[Function]}
      onStartShouldSetResponder={[Function]}
      style={
        Object {
          "opacity": 1,
        }
      }
      testID="btnCalc"
    >
      <View
        style={
          Object {
            "backgroundColor": "#2D2D2D",
            "borderRadius": 100,
            "height": 70,
            "justifyContent": "center",
            "marginHorizontal": 10,
            "width": 155,
          }
        }
      >
        <Text
          style={
            Object {
              "color": "white",
              "fontSize": 25,
              "fontWeight": "500",
              "textAlign": "center",
            }
          }
        >
           
          0
           
        </Text>
      </View>
    </View>
    <View
      accessible={true}
      focusable={true}
      onClick={[Function]}
      onResponderGrant={[Function]}
      onResponderMove={[Function]}
      onResponderRelease={[Function]}
      onResponderTerminate={[Function]}
      onResponderTerminationRequest={[Function]}
      onStartShouldSetResponder={[Function]}
      style={
        Object {
          "opacity": 1,
        }
      }
      testID="btnCalc"
    >
      <View
        style={
          Object {
            "backgroundColor": "#2D2D2D",
            "borderRadius": 100,
            "height": 70,
            "justifyContent": "center",
            "marginHorizontal": 10,
            "width": 70,
          }
        }
      >
        <Text
          style={
            Object {
              "color": "white",
              "fontSize": 25,
              "fontWeight": "500",
              "textAlign": "center",
            }
          }
        >
           
          .
           
        </Text>
      </View>
    </View>
    <View
      accessible={true}
      focusable={true}
      onClick={[Function]}
      onResponderGrant={[Function]}
      onResponderMove={[Function]}
      onResponderRelease={[Function]}
      onResponderTerminate={[Function]}
      onResponderTerminationRequest={[Function]}
      onStartShouldSetResponder={[Function]}
      style={
        Object {
          "opacity": 1,
        }
      }
      testID="btnCalc"
    >
      <View
        style={
          Object {
            "backgroundColor": "#FF9427",
            "borderRadius": 100,
            "height": 70,
            "justifyContent": "center",
            "marginHorizontal": 10,
            "width": 70,
          }
        }
      >
        <Text
          style={
            Object {
              "color": "white",
              "fontSize": 25,
              "fontWeight": "500",
              "textAlign": "center",
            }
          }
        >
           
          =
           
        </Text>
      </View>
    </View>
  </View>
</View>
`;
